     1 00000000                                 [FORMAT "WCOFF"]
     2 00000000                                 [INSTRSET "i486p"]
     3 00000000                                 [OPTIMIZE 1]
     4 00000000                                 [OPTION 1]
     5 00000000                                 [BITS 32]
     6 00000000                                 	EXTERN	_memman_alloc_4k
     7 00000000                                 	EXTERN	_memman_free_4k
     8 00000000                                 [FILE "sheet.c"]
     9                                          [SECTION .text]
    10 00000000                                 	GLOBAL	_shtctl_init
    11 00000000                                 _shtctl_init:
    12 00000000 55                              	PUSH	EBP
    13 00000001 89 E5                           	MOV	EBP,ESP
    14 00000003 57                              	PUSH	EDI
    15 00000004 56                              	PUSH	ESI
    16 00000005 53                              	PUSH	EBX
    17 00000006 8B 75 08                        	MOV	ESI,DWORD [8+EBP]
    18 00000009 68 00002814                     	PUSH	10260
    19 0000000E 8B 7D 10                        	MOV	EDI,DWORD [16+EBP]
    20 00000011 56                              	PUSH	ESI
    21 00000012 E8 [00000000]                   	CALL	_memman_alloc_4k
    22 00000017 89 C3                           	MOV	EBX,EAX
    23 00000019 58                              	POP	EAX
    24 0000001A 5A                              	POP	EDX
    25 0000001B 85 DB                           	TEST	EBX,EBX
    26 0000001D 74 4A                           	JE	L3
    27 0000001F 8B 45 14                        	MOV	EAX,DWORD [20+EBP]
    28 00000022 0F AF C7                        	IMUL	EAX,EDI
    29 00000025 50                              	PUSH	EAX
    30 00000026 56                              	PUSH	ESI
    31 00000027 E8 [00000000]                   	CALL	_memman_alloc_4k
    32 0000002C 85 C0                           	TEST	EAX,EAX
    33 0000002E 89 43 04                        	MOV	DWORD [4+EBX],EAX
    34 00000031 5A                              	POP	EDX
    35 00000032 59                              	POP	ECX
    36 00000033 74 3E                           	JE	L11
    37 00000035 8B 45 0C                        	MOV	EAX,DWORD [12+EBP]
    38 00000038 89 7B 08                        	MOV	DWORD [8+EBX],EDI
    39 0000003B 89 03                           	MOV	DWORD [EBX],EAX
    40 0000003D 8D 93 000023DC                  	LEA	EDX,DWORD [9180+EBX]
    41 00000043 8B 45 14                        	MOV	EAX,DWORD [20+EBP]
    42 00000046 89 43 0C                        	MOV	DWORD [12+EBX],EAX
    43 00000049 89 D8                           	MOV	EAX,EBX
    44 0000004B C7 43 10 FFFFFFFF               	MOV	DWORD [16+EBX],-1
    45 00000052                                 L9:
    46 00000052 C7 80 00000430 00000000         	MOV	DWORD [1072+EAX],0
    47 0000005C 89 98 00000434                  	MOV	DWORD [1076+EAX],EBX
    48 00000062 83 C0 24                        	ADD	EAX,36
    49 00000065 39 D0                           	CMP	EAX,EDX
    50 00000067 7E E9                           	JLE	L9
    51 00000069                                 L3:
    52 00000069 8D 65 F4                        	LEA	ESP,DWORD [-12+EBP]
    53 0000006C 89 D8                           	MOV	EAX,EBX
    54 0000006E 5B                              	POP	EBX
    55 0000006F 5E                              	POP	ESI
    56 00000070 5F                              	POP	EDI
    57 00000071 5D                              	POP	EBP
    58 00000072 C3                              	RET
    59 00000073                                 L11:
    60 00000073 68 00002814                     	PUSH	10260
    61 00000078 53                              	PUSH	EBX
    62 00000079 56                              	PUSH	ESI
    63 0000007A E8 [00000000]                   	CALL	_memman_free_4k
    64 0000007F 83 C4 0C                        	ADD	ESP,12
    65 00000082 EB E5                           	JMP	L3
    66 00000084                                 	GLOBAL	_sheet_alloc
    67 00000084                                 _sheet_alloc:
    68 00000084 55                              	PUSH	EBP
    69 00000085 31 D2                           	XOR	EDX,EDX
    70 00000087 89 E5                           	MOV	EBP,ESP
    71 00000089 8B 45 08                        	MOV	EAX,DWORD [8+EBP]
    72 0000008C 05 00000414                     	ADD	EAX,1044
    73 00000091                                 L18:
    74 00000091 83 78 1C 00                     	CMP	DWORD [28+EAX],0
    75 00000095 74 10                           	JE	L21
    76 00000097 42                              	INC	EDX
    77 00000098 83 C0 24                        	ADD	EAX,36
    78 0000009B 81 FA 000000FF                  	CMP	EDX,255
    79 000000A1 7E EE                           	JLE	L18
    80 000000A3 31 C0                           	XOR	EAX,EAX
    81 000000A5                                 L12:
    82 000000A5 5D                              	POP	EBP
    83 000000A6 C3                              	RET
    84 000000A7                                 L21:
    85 000000A7 C7 40 1C 00000001               	MOV	DWORD [28+EAX],1
    86 000000AE C7 40 18 FFFFFFFF               	MOV	DWORD [24+EAX],-1
    87 000000B5 EB EE                           	JMP	L12
    88 000000B7                                 	GLOBAL	_sheet_setbuf
    89 000000B7                                 _sheet_setbuf:
    90 000000B7 55                              	PUSH	EBP
    91 000000B8 89 E5                           	MOV	EBP,ESP
    92 000000BA 8B 55 08                        	MOV	EDX,DWORD [8+EBP]
    93 000000BD 8B 45 0C                        	MOV	EAX,DWORD [12+EBP]
    94 000000C0 89 02                           	MOV	DWORD [EDX],EAX
    95 000000C2 8B 45 10                        	MOV	EAX,DWORD [16+EBP]
    96 000000C5 89 42 04                        	MOV	DWORD [4+EDX],EAX
    97 000000C8 8B 45 14                        	MOV	EAX,DWORD [20+EBP]
    98 000000CB 89 42 08                        	MOV	DWORD [8+EDX],EAX
    99 000000CE 8B 45 18                        	MOV	EAX,DWORD [24+EBP]
   100 000000D1 89 42 14                        	MOV	DWORD [20+EDX],EAX
   101 000000D4 5D                              	POP	EBP
   102 000000D5 C3                              	RET
   103 000000D6                                 	GLOBAL	_sheet_updown
   104 000000D6                                 _sheet_updown:
   105 000000D6 55                              	PUSH	EBP
   106 000000D7 89 E5                           	MOV	EBP,ESP
   107 000000D9 57                              	PUSH	EDI
   108 000000DA 56                              	PUSH	ESI
   109 000000DB 53                              	PUSH	EBX
   110 000000DC 51                              	PUSH	ECX
   111 000000DD 8B 7D 08                        	MOV	EDI,DWORD [8+EBP]
   112 000000E0 8B 5D 0C                        	MOV	EBX,DWORD [12+EBP]
   113 000000E3 8B 77 20                        	MOV	ESI,DWORD [32+EDI]
   114 000000E6 8B 47 18                        	MOV	EAX,DWORD [24+EDI]
   115 000000E9 89 45 F0                        	MOV	DWORD [-16+EBP],EAX
   116 000000EC 8B 46 10                        	MOV	EAX,DWORD [16+ESI]
   117 000000EF 40                              	INC	EAX
   118 000000F0 39 C3                           	CMP	EBX,EAX
   119 000000F2 7E 02                           	JLE	L24
   120 000000F4 89 C3                           	MOV	EBX,EAX
   121 000000F6                                 L24:
   122 000000F6 83 FB FF                        	CMP	EBX,-1
   123 000000F9 7D 03                           	JGE	L25
   124 000000FB 83 CB FF                        	OR	EBX,-1
   125 000000FE                                 L25:
   126 000000FE 89 5F 18                        	MOV	DWORD [24+EDI],EBX
   127 00000101 39 5D F0                        	CMP	DWORD [-16+EBP],EBX
   128 00000104 0F 8E 000000A8                  	JLE	L26
   129 0000010A 85 DB                           	TEST	EBX,EBX
   130 0000010C 78 5C                           	JS	L27
   131 0000010E 8B 4D F0                        	MOV	ECX,DWORD [-16+EBP]
   132 00000111                                 L32:
   133 00000111 8B 44 8E 10                     	MOV	EAX,DWORD [16+ESI+ECX*4]
   134 00000115 89 44 8E 14                     	MOV	DWORD [20+ESI+ECX*4],EAX
   135 00000119 89 48 18                        	MOV	DWORD [24+EAX],ECX
   136 0000011C 49                              	DEC	ECX
   137 0000011D 39 D9                           	CMP	ECX,EBX
   138 0000011F 7F F0                           	JG	L32
   139 00000121 89 7C 9E 14                     	MOV	DWORD [20+ESI+EBX*4],EDI
   140 00000125 43                              	INC	EBX
   141 00000126 53                              	PUSH	EBX
   142 00000127 8B 4F 10                        	MOV	ECX,DWORD [16+EDI]
   143 0000012A 89 C8                           	MOV	EAX,ECX
   144 0000012C 03 47 08                        	ADD	EAX,DWORD [8+EDI]
   145 0000012F 50                              	PUSH	EAX
   146 00000130 8B 57 0C                        	MOV	EDX,DWORD [12+EDI]
   147 00000133 89 D0                           	MOV	EAX,EDX
   148 00000135 03 47 04                        	ADD	EAX,DWORD [4+EDI]
   149 00000138 50                              	PUSH	EAX
   150 00000139 51                              	PUSH	ECX
   151 0000013A 52                              	PUSH	EDX
   152 0000013B 56                              	PUSH	ESI
   153 0000013C E8 00000251                     	CALL	_sheet_refreshmap
   154 00000141 FF 75 F0                        	PUSH	DWORD [-16+EBP]
   155 00000144                                 L62:
   156 00000144 53                              	PUSH	EBX
   157 00000145                                 L61:
   158 00000145 8B 4F 10                        	MOV	ECX,DWORD [16+EDI]
   159 00000148 89 C8                           	MOV	EAX,ECX
   160 0000014A 03 47 08                        	ADD	EAX,DWORD [8+EDI]
   161 0000014D 50                              	PUSH	EAX
   162 0000014E 8B 57 0C                        	MOV	EDX,DWORD [12+EDI]
   163 00000151 89 D0                           	MOV	EAX,EDX
   164 00000153 03 47 04                        	ADD	EAX,DWORD [4+EDI]
   165 00000156 50                              	PUSH	EAX
   166 00000157 51                              	PUSH	ECX
   167 00000158 52                              	PUSH	EDX
   168 00000159 56                              	PUSH	ESI
   169 0000015A E8 000000F7                     	CALL	_sheet_refreshsub
   170 0000015F 83 C4 34                        	ADD	ESP,52
   171 00000162                                 L23:
   172 00000162 8D 65 F4                        	LEA	ESP,DWORD [-12+EBP]
   173 00000165 5B                              	POP	EBX
   174 00000166 5E                              	POP	ESI
   175 00000167 5F                              	POP	EDI
   176 00000168 5D                              	POP	EBP
   177 00000169 C3                              	RET
   178 0000016A                                 L27:
   179 0000016A 8B 46 10                        	MOV	EAX,DWORD [16+ESI]
   180 0000016D 3B 45 F0                        	CMP	EAX,DWORD [-16+EBP]
   181 00000170 7E 18                           	JLE	L34
   182 00000172 8B 4D F0                        	MOV	ECX,DWORD [-16+EBP]
   183 00000175 39 C1                           	CMP	ECX,EAX
   184 00000177 7D 11                           	JGE	L34
   185 00000179                                 L39:
   186 00000179 8B 44 8E 18                     	MOV	EAX,DWORD [24+ESI+ECX*4]
   187 0000017D 89 44 8E 14                     	MOV	DWORD [20+ESI+ECX*4],EAX
   188 00000181 89 48 18                        	MOV	DWORD [24+EAX],ECX
   189 00000184 41                              	INC	ECX
   190 00000185 3B 4E 10                        	CMP	ECX,DWORD [16+ESI]
   191 00000188 7C EF                           	JL	L39
   192 0000018A                                 L34:
   193 0000018A FF 4E 10                        	DEC	DWORD [16+ESI]
   194 0000018D 6A 00                           	PUSH	0
   195 0000018F 8B 4F 10                        	MOV	ECX,DWORD [16+EDI]
   196 00000192 89 C8                           	MOV	EAX,ECX
   197 00000194 03 47 08                        	ADD	EAX,DWORD [8+EDI]
   198 00000197 50                              	PUSH	EAX
   199 00000198 8B 57 0C                        	MOV	EDX,DWORD [12+EDI]
   200 0000019B 89 D0                           	MOV	EAX,EDX
   201 0000019D 03 47 04                        	ADD	EAX,DWORD [4+EDI]
   202 000001A0 50                              	PUSH	EAX
   203 000001A1 51                              	PUSH	ECX
   204 000001A2 52                              	PUSH	EDX
   205 000001A3 56                              	PUSH	ESI
   206 000001A4 E8 000001E9                     	CALL	_sheet_refreshmap
   207 000001A9 8B 45 F0                        	MOV	EAX,DWORD [-16+EBP]
   208 000001AC 48                              	DEC	EAX
   209 000001AD 50                              	PUSH	EAX
   210 000001AE 6A 00                           	PUSH	0
   211 000001B0 EB 93                           	JMP	L61
   212 000001B2                                 L26:
   213 000001B2 39 5D F0                        	CMP	DWORD [-16+EBP],EBX
   214 000001B5 7D AB                           	JGE	L23
   215 000001B7 83 7D F0 00                     	CMP	DWORD [-16+EBP],0
   216 000001BB 78 3C                           	JS	L42
   217 000001BD 8B 4D F0                        	MOV	ECX,DWORD [-16+EBP]
   218 000001C0 39 D9                           	CMP	ECX,EBX
   219 000001C2 7D 10                           	JGE	L58
   220 000001C4                                 L47:
   221 000001C4 8B 44 8E 18                     	MOV	EAX,DWORD [24+ESI+ECX*4]
   222 000001C8 89 44 8E 14                     	MOV	DWORD [20+ESI+ECX*4],EAX
   223 000001CC 89 48 18                        	MOV	DWORD [24+EAX],ECX
   224 000001CF 41                              	INC	ECX
   225 000001D0 39 D9                           	CMP	ECX,EBX
   226 000001D2 7C F0                           	JL	L47
   227 000001D4                                 L58:
   228 000001D4 89 7C 9E 14                     	MOV	DWORD [20+ESI+EBX*4],EDI
   229 000001D8                                 L48:
   230 000001D8 53                              	PUSH	EBX
   231 000001D9 8B 4F 10                        	MOV	ECX,DWORD [16+EDI]
   232 000001DC 89 C8                           	MOV	EAX,ECX
   233 000001DE 03 47 08                        	ADD	EAX,DWORD [8+EDI]
   234 000001E1 50                              	PUSH	EAX
   235 000001E2 8B 57 0C                        	MOV	EDX,DWORD [12+EDI]
   236 000001E5 89 D0                           	MOV	EAX,EDX
   237 000001E7 03 47 04                        	ADD	EAX,DWORD [4+EDI]
   238 000001EA 50                              	PUSH	EAX
   239 000001EB 51                              	PUSH	ECX
   240 000001EC 52                              	PUSH	EDX
   241 000001ED 56                              	PUSH	ESI
   242 000001EE E8 0000019F                     	CALL	_sheet_refreshmap
   243 000001F3 53                              	PUSH	EBX
   244 000001F4 E9 FFFFFF4B                     	JMP	L62
   245 000001F9                                 L42:
   246 000001F9 8B 4E 10                        	MOV	ECX,DWORD [16+ESI]
   247 000001FC 39 D9                           	CMP	ECX,EBX
   248 000001FE 7C 13                           	JL	L60
   249 00000200                                 L53:
   250 00000200 8B 54 8E 14                     	MOV	EDX,DWORD [20+ESI+ECX*4]
   251 00000204 8D 41 01                        	LEA	EAX,DWORD [1+ECX]
   252 00000207 89 54 8E 18                     	MOV	DWORD [24+ESI+ECX*4],EDX
   253 0000020B 49                              	DEC	ECX
   254 0000020C 89 42 18                        	MOV	DWORD [24+EDX],EAX
   255 0000020F 39 D9                           	CMP	ECX,EBX
   256 00000211 7D ED                           	JGE	L53
   257 00000213                                 L60:
   258 00000213 89 7C 9E 14                     	MOV	DWORD [20+ESI+EBX*4],EDI
   259 00000217 FF 46 10                        	INC	DWORD [16+ESI]
   260 0000021A EB BC                           	JMP	L48
   261 0000021C                                 	GLOBAL	_sheet_refresh
   262 0000021C                                 _sheet_refresh:
   263 0000021C 55                              	PUSH	EBP
   264 0000021D 89 E5                           	MOV	EBP,ESP
   265 0000021F 53                              	PUSH	EBX
   266 00000220 8B 5D 08                        	MOV	EBX,DWORD [8+EBP]
   267 00000223 8B 4D 14                        	MOV	ECX,DWORD [20+EBP]
   268 00000226 8B 43 18                        	MOV	EAX,DWORD [24+EBX]
   269 00000229 85 C0                           	TEST	EAX,EAX
   270 0000022B 78 24                           	JS	L63
   271 0000022D 50                              	PUSH	EAX
   272 0000022E 50                              	PUSH	EAX
   273 0000022F 8B 43 10                        	MOV	EAX,DWORD [16+EBX]
   274 00000232 89 C2                           	MOV	EDX,EAX
   275 00000234 03 55 18                        	ADD	EDX,DWORD [24+EBP]
   276 00000237 52                              	PUSH	EDX
   277 00000238 89 C2                           	MOV	EDX,EAX
   278 0000023A 03 4B 0C                        	ADD	ECX,DWORD [12+EBX]
   279 0000023D 03 55 10                        	ADD	EDX,DWORD [16+EBP]
   280 00000240 51                              	PUSH	ECX
   281 00000241 03 45 0C                        	ADD	EAX,DWORD [12+EBP]
   282 00000244 52                              	PUSH	EDX
   283 00000245 50                              	PUSH	EAX
   284 00000246 FF 73 20                        	PUSH	DWORD [32+EBX]
   285 00000249 E8 00000008                     	CALL	_sheet_refreshsub
   286 0000024E 83 C4 1C                        	ADD	ESP,28
   287 00000251                                 L63:
   288 00000251 8B 5D FC                        	MOV	EBX,DWORD [-4+EBP]
   289 00000254 C9                              	LEAVE
   290 00000255 C3                              	RET
   291 00000256                                 	GLOBAL	_sheet_refreshsub
   292 00000256                                 _sheet_refreshsub:
   293 00000256 55                              	PUSH	EBP
   294 00000257 89 E5                           	MOV	EBP,ESP
   295 00000259 57                              	PUSH	EDI
   296 0000025A 56                              	PUSH	ESI
   297 0000025B 53                              	PUSH	EBX
   298 0000025C 83 EC 28                        	SUB	ESP,40
   299 0000025F 8B 45 08                        	MOV	EAX,DWORD [8+EBP]
   300 00000262 8B 55 08                        	MOV	EDX,DWORD [8+EBP]
   301 00000265 83 7D 0C 00                     	CMP	DWORD [12+EBP],0
   302 00000269 8B 00                           	MOV	EAX,DWORD [EAX]
   303 0000026B 8B 52 04                        	MOV	EDX,DWORD [4+EDX]
   304 0000026E 89 45 E0                        	MOV	DWORD [-32+EBP],EAX
   305 00000271 89 55 DC                        	MOV	DWORD [-36+EBP],EDX
   306 00000274 0F 88 0000010C                  	JS	L96
   307 0000027A                                 L66:
   308 0000027A 83 7D 10 00                     	CMP	DWORD [16+EBP],0
   309 0000027E 0F 88 000000F6                  	JS	L97
   310 00000284                                 L67:
   311 00000284 8B 4D 08                        	MOV	ECX,DWORD [8+EBP]
   312 00000287 8B 41 08                        	MOV	EAX,DWORD [8+ECX]
   313 0000028A 39 45 14                        	CMP	DWORD [20+EBP],EAX
   314 0000028D 7E 03                           	JLE	L68
   315 0000028F 89 45 14                        	MOV	DWORD [20+EBP],EAX
   316 00000292                                 L68:
   317 00000292 8B 55 08                        	MOV	EDX,DWORD [8+EBP]
   318 00000295 8B 42 0C                        	MOV	EAX,DWORD [12+EDX]
   319 00000298 39 45 18                        	CMP	DWORD [24+EBP],EAX
   320 0000029B 7E 03                           	JLE	L69
   321 0000029D 89 45 18                        	MOV	DWORD [24+EBP],EAX
   322 000002A0                                 L69:
   323 000002A0 8B 4D 1C                        	MOV	ECX,DWORD [28+EBP]
   324 000002A3 8B 45 20                        	MOV	EAX,DWORD [32+EBP]
   325 000002A6 89 4D F0                        	MOV	DWORD [-16+EBP],ECX
   326 000002A9 39 C1                           	CMP	ECX,EAX
   327 000002AB 0F 8F 000000A1                  	JG	L91
   328 000002B1                                 L89:
   329 000002B1 8B 4D 08                        	MOV	ECX,DWORD [8+EBP]
   330 000002B4 8B 55 F0                        	MOV	EDX,DWORD [-16+EBP]
   331 000002B7 8B 5C 91 14                     	MOV	EBX,DWORD [20+ECX+EDX*4]
   332 000002BB 8B 55 18                        	MOV	EDX,DWORD [24+EBP]
   333 000002BE 8B 03                           	MOV	EAX,DWORD [EBX]
   334 000002C0 89 45 E4                        	MOV	DWORD [-28+EBP],EAX
   335 000002C3 89 D8                           	MOV	EAX,EBX
   336 000002C5 29 C8                           	SUB	EAX,ECX
   337 000002C7 8B 4D 10                        	MOV	ECX,DWORD [16+EBP]
   338 000002CA 2D 00000414                     	SUB	EAX,1044
   339 000002CF C1 F8 02                        	SAR	EAX,2
   340 000002D2 69 C0 38E38E39                  	IMUL	EAX,EAX,954437177
   341 000002D8 88 45 DB                        	MOV	BYTE [-37+EBP],AL
   342 000002DB 8B 43 10                        	MOV	EAX,DWORD [16+EBX]
   343 000002DE 29 C2                           	SUB	EDX,EAX
   344 000002E0 29 C1                           	SUB	ECX,EAX
   345 000002E2 89 55 E8                        	MOV	DWORD [-24+EBP],EDX
   346 000002E5 89 C8                           	MOV	EAX,ECX
   347 000002E7 0F 88 00000086                  	JS	L98
   348 000002ED                                 L75:
   349 000002ED 8B 53 08                        	MOV	EDX,DWORD [8+EBX]
   350 000002F0 39 55 E8                        	CMP	DWORD [-24+EBP],EDX
   351 000002F3 7E 03                           	JLE	L77
   352 000002F5 89 55 E8                        	MOV	DWORD [-24+EBP],EDX
   353 000002F8                                 L77:
   354 000002F8 89 C6                           	MOV	ESI,EAX
   355 000002FA 3B 45 E8                        	CMP	EAX,DWORD [-24+EBP]
   356 000002FD 7D 44                           	JGE	L93
   357 000002FF                                 L88:
   358 000002FF 8B 43 10                        	MOV	EAX,DWORD [16+EBX]
   359 00000302 8B 53 04                        	MOV	EDX,DWORD [4+EBX]
   360 00000305 01 F0                           	ADD	EAX,ESI
   361 00000307 31 FF                           	XOR	EDI,EDI
   362 00000309 89 45 EC                        	MOV	DWORD [-20+EBP],EAX
   363 0000030C 89 55 CC                        	MOV	DWORD [-52+EBP],EDX
   364 0000030F 39 D7                           	CMP	EDI,EDX
   365 00000311 7D 2A                           	JGE	L95
   366 00000313                                 L87:
   367 00000313 8B 45 08                        	MOV	EAX,DWORD [8+EBP]
   368 00000316 8B 55 EC                        	MOV	EDX,DWORD [-20+EBP]
   369 00000319 8B 4B 0C                        	MOV	ECX,DWORD [12+EBX]
   370 0000031C 0F AF 50 08                     	IMUL	EDX,DWORD [8+EAX]
   371 00000320 01 F9                           	ADD	ECX,EDI
   372 00000322 8A 45 DB                        	MOV	AL,BYTE [-37+EBP]
   373 00000325 01 D1                           	ADD	ECX,EDX
   374 00000327 8B 55 DC                        	MOV	EDX,DWORD [-36+EBP]
   375 0000032A 89 4D D0                        	MOV	DWORD [-48+EBP],ECX
   376 0000032D 38 04 11                        	CMP	BYTE [ECX+EDX*1],AL
   377 00000330 74 28                           	JE	L99
   378 00000332                                 L84:
   379 00000332 8B 43 04                        	MOV	EAX,DWORD [4+EBX]
   380 00000335 47                              	INC	EDI
   381 00000336 89 45 CC                        	MOV	DWORD [-52+EBP],EAX
   382 00000339 39 C7                           	CMP	EDI,EAX
   383 0000033B 7C D6                           	JL	L87
   384 0000033D                                 L95:
   385 0000033D 46                              	INC	ESI
   386 0000033E 3B 75 E8                        	CMP	ESI,DWORD [-24+EBP]
   387 00000341 7C BC                           	JL	L88
   388 00000343                                 L93:
   389 00000343 8B 55 20                        	MOV	EDX,DWORD [32+EBP]
   390 00000346 FF 45 F0                        	INC	DWORD [-16+EBP]
   391 00000349 39 55 F0                        	CMP	DWORD [-16+EBP],EDX
   392 0000034C 0F 8E FFFFFF5F                  	JLE	L89
   393 00000352                                 L91:
   394 00000352 83 C4 28                        	ADD	ESP,40
   395 00000355 5B                              	POP	EBX
   396 00000356 5E                              	POP	ESI
   397 00000357 5F                              	POP	EDI
   398 00000358 5D                              	POP	EBP
   399 00000359 C3                              	RET
   400 0000035A                                 L99:
   401 0000035A 8B 45 CC                        	MOV	EAX,DWORD [-52+EBP]
   402 0000035D 8B 4D E4                        	MOV	ECX,DWORD [-28+EBP]
   403 00000360 0F AF C6                        	IMUL	EAX,ESI
   404 00000363 01 F8                           	ADD	EAX,EDI
   405 00000365 8B 55 E0                        	MOV	EDX,DWORD [-32+EBP]
   406 00000368 8A 04 08                        	MOV	AL,BYTE [EAX+ECX*1]
   407 0000036B 8B 4D D0                        	MOV	ECX,DWORD [-48+EBP]
   408 0000036E 88 04 11                        	MOV	BYTE [ECX+EDX*1],AL
   409 00000371 EB BF                           	JMP	L84
   410 00000373                                 L98:
   411 00000373 31 C0                           	XOR	EAX,EAX
   412 00000375 E9 FFFFFF73                     	JMP	L75
   413 0000037A                                 L97:
   414 0000037A C7 45 10 00000000               	MOV	DWORD [16+EBP],0
   415 00000381 E9 FFFFFEFE                     	JMP	L67
   416 00000386                                 L96:
   417 00000386 C7 45 0C 00000000               	MOV	DWORD [12+EBP],0
   418 0000038D E9 FFFFFEE8                     	JMP	L66
   419 00000392                                 	GLOBAL	_sheet_refreshmap
   420 00000392                                 _sheet_refreshmap:
   421 00000392 55                              	PUSH	EBP
   422 00000393 89 E5                           	MOV	EBP,ESP
   423 00000395 57                              	PUSH	EDI
   424 00000396 56                              	PUSH	ESI
   425 00000397 53                              	PUSH	EBX
   426 00000398 83 EC 28                        	SUB	ESP,40
   427 0000039B 8B 45 08                        	MOV	EAX,DWORD [8+EBP]
   428 0000039E 83 7D 0C 00                     	CMP	DWORD [12+EBP],0
   429 000003A2 8B 40 04                        	MOV	EAX,DWORD [4+EAX]
   430 000003A5 89 45 D8                        	MOV	DWORD [-40+EBP],EAX
   431 000003A8 0F 88 00000135                  	JS	L131
   432 000003AE                                 L101:
   433 000003AE 83 7D 10 00                     	CMP	DWORD [16+EBP],0
   434 000003B2 0F 88 0000011F                  	JS	L132
   435 000003B8                                 L102:
   436 000003B8 8B 55 08                        	MOV	EDX,DWORD [8+EBP]
   437 000003BB 8B 42 08                        	MOV	EAX,DWORD [8+EDX]
   438 000003BE 39 45 14                        	CMP	DWORD [20+EBP],EAX
   439 000003C1 7E 03                           	JLE	L103
   440 000003C3 89 45 14                        	MOV	DWORD [20+EBP],EAX
   441 000003C6                                 L103:
   442 000003C6 8B 75 08                        	MOV	ESI,DWORD [8+EBP]
   443 000003C9 8B 46 0C                        	MOV	EAX,DWORD [12+ESI]
   444 000003CC 39 45 18                        	CMP	DWORD [24+EBP],EAX
   445 000003CF 7E 03                           	JLE	L104
   446 000003D1 89 45 18                        	MOV	DWORD [24+EBP],EAX
   447 000003D4                                 L104:
   448 000003D4 8B 45 08                        	MOV	EAX,DWORD [8+EBP]
   449 000003D7 8B 7D 1C                        	MOV	EDI,DWORD [28+EBP]
   450 000003DA 89 7D F0                        	MOV	DWORD [-16+EBP],EDI
   451 000003DD 3B 78 10                        	CMP	EDI,DWORD [16+EAX]
   452 000003E0 0F 8F 000000D6                  	JG	L126
   453 000003E6                                 L124:
   454 000003E6 8B 75 08                        	MOV	ESI,DWORD [8+EBP]
   455 000003E9 8B 55 F0                        	MOV	EDX,DWORD [-16+EBP]
   456 000003EC 8B 5D 10                        	MOV	EBX,DWORD [16+EBP]
   457 000003EF 8B 4C 96 14                     	MOV	ECX,DWORD [20+ESI+EDX*4]
   458 000003F3 89 C8                           	MOV	EAX,ECX
   459 000003F5 29 F0                           	SUB	EAX,ESI
   460 000003F7 8B 39                           	MOV	EDI,DWORD [ECX]
   461 000003F9 2D 00000414                     	SUB	EAX,1044
   462 000003FE 8B 51 10                        	MOV	EDX,DWORD [16+ECX]
   463 00000401 C1 F8 02                        	SAR	EAX,2
   464 00000404 89 7D E0                        	MOV	DWORD [-32+EBP],EDI
   465 00000407 69 C0 38E38E39                  	IMUL	EAX,EAX,954437177
   466 0000040D 8B 7D 18                        	MOV	EDI,DWORD [24+EBP]
   467 00000410 29 D3                           	SUB	EBX,EDX
   468 00000412 29 D7                           	SUB	EDI,EDX
   469 00000414 88 45 DF                        	MOV	BYTE [-33+EBP],AL
   470 00000417 8B 75 14                        	MOV	ESI,DWORD [20+EBP]
   471 0000041A 8B 55 0C                        	MOV	EDX,DWORD [12+EBP]
   472 0000041D 8B 41 0C                        	MOV	EAX,DWORD [12+ECX]
   473 00000420 89 7D D4                        	MOV	DWORD [-44+EBP],EDI
   474 00000423 29 C6                           	SUB	ESI,EAX
   475 00000425 29 C2                           	SUB	EDX,EAX
   476 00000427 89 75 CC                        	MOV	DWORD [-52+EBP],ESI
   477 0000042A 89 55 E4                        	MOV	DWORD [-28+EBP],EDX
   478 0000042D 0F 88 00000098                  	JS	L133
   479 00000433                                 L109:
   480 00000433 85 DB                           	TEST	EBX,EBX
   481 00000435 0F 88 00000089                  	JS	L134
   482 0000043B                                 L110:
   483 0000043B 8B 41 04                        	MOV	EAX,DWORD [4+ECX]
   484 0000043E 39 45 CC                        	CMP	DWORD [-52+EBP],EAX
   485 00000441 7E 03                           	JLE	L111
   486 00000443 89 45 CC                        	MOV	DWORD [-52+EBP],EAX
   487 00000446                                 L111:
   488 00000446 8B 41 08                        	MOV	EAX,DWORD [8+ECX]
   489 00000449 39 45 D4                        	CMP	DWORD [-44+EBP],EAX
   490 0000044C 7E 03                           	JLE	L112
   491 0000044E 89 45 D4                        	MOV	DWORD [-44+EBP],EAX
   492 00000451                                 L112:
   493 00000451 3B 5D D4                        	CMP	EBX,DWORD [-44+EBP]
   494 00000454 7D 54                           	JGE	L128
   495 00000456                                 L123:
   496 00000456 8B 71 10                        	MOV	ESI,DWORD [16+ECX]
   497 00000459 8B 55 E4                        	MOV	EDX,DWORD [-28+EBP]
   498 0000045C 01 DE                           	ADD	ESI,EBX
   499 0000045E 3B 55 CC                        	CMP	EDX,DWORD [-52+EBP]
   500 00000461 89 75 E8                        	MOV	DWORD [-24+EBP],ESI
   501 00000464 7D 3E                           	JGE	L130
   502 00000466                                 L122:
   503 00000466 89 D8                           	MOV	EAX,EBX
   504 00000468 8B 79 0C                        	MOV	EDI,DWORD [12+ECX]
   505 0000046B 0F AF 41 04                     	IMUL	EAX,DWORD [4+ECX]
   506 0000046F 01 D7                           	ADD	EDI,EDX
   507 00000471 8B 75 E0                        	MOV	ESI,DWORD [-32+EBP]
   508 00000474 01 D0                           	ADD	EAX,EDX
   509 00000476 89 7D EC                        	MOV	DWORD [-20+EBP],EDI
   510 00000479 0F B6 34 30                     	MOVZX	ESI,BYTE [EAX+ESI*1]
   511 0000047D 3B 71 14                        	CMP	ESI,DWORD [20+ECX]
   512 00000480 74 1C                           	JE	L119
   513 00000482 8B 7D 08                        	MOV	EDI,DWORD [8+EBP]
   514 00000485 8B 45 E8                        	MOV	EAX,DWORD [-24+EBP]
   515 00000488 8B 75 D8                        	MOV	ESI,DWORD [-40+EBP]
   516 0000048B 0F AF 47 08                     	IMUL	EAX,DWORD [8+EDI]
   517 0000048F 03 45 EC                        	ADD	EAX,DWORD [-20+EBP]
   518 00000492 89 45 D0                        	MOV	DWORD [-48+EBP],EAX
   519 00000495 8A 45 DF                        	MOV	AL,BYTE [-33+EBP]
   520 00000498 8B 7D D0                        	MOV	EDI,DWORD [-48+EBP]
   521 0000049B 88 04 37                        	MOV	BYTE [EDI+ESI*1],AL
   522 0000049E                                 L119:
   523 0000049E 42                              	INC	EDX
   524 0000049F 3B 55 CC                        	CMP	EDX,DWORD [-52+EBP]
   525 000004A2 7C C2                           	JL	L122
   526 000004A4                                 L130:
   527 000004A4 43                              	INC	EBX
   528 000004A5 3B 5D D4                        	CMP	EBX,DWORD [-44+EBP]
   529 000004A8 7C AC                           	JL	L123
   530 000004AA                                 L128:
   531 000004AA 8B 55 08                        	MOV	EDX,DWORD [8+EBP]
   532 000004AD FF 45 F0                        	INC	DWORD [-16+EBP]
   533 000004B0 8B 45 F0                        	MOV	EAX,DWORD [-16+EBP]
   534 000004B3 3B 42 10                        	CMP	EAX,DWORD [16+EDX]
   535 000004B6 0F 8E FFFFFF2A                  	JLE	L124
   536 000004BC                                 L126:
   537 000004BC 83 C4 28                        	ADD	ESP,40
   538 000004BF 5B                              	POP	EBX
   539 000004C0 5E                              	POP	ESI
   540 000004C1 5F                              	POP	EDI
   541 000004C2 5D                              	POP	EBP
   542 000004C3 C3                              	RET
   543 000004C4                                 L134:
   544 000004C4 31 DB                           	XOR	EBX,EBX
   545 000004C6 E9 FFFFFF70                     	JMP	L110
   546 000004CB                                 L133:
   547 000004CB C7 45 E4 00000000               	MOV	DWORD [-28+EBP],0
   548 000004D2 E9 FFFFFF5C                     	JMP	L109
   549 000004D7                                 L132:
   550 000004D7 C7 45 10 00000000               	MOV	DWORD [16+EBP],0
   551 000004DE E9 FFFFFED5                     	JMP	L102
   552 000004E3                                 L131:
   553 000004E3 C7 45 0C 00000000               	MOV	DWORD [12+EBP],0
   554 000004EA E9 FFFFFEBF                     	JMP	L101
   555 000004EF                                 	GLOBAL	_sheet_slide
   556 000004EF                                 _sheet_slide:
   557 000004EF 55                              	PUSH	EBP
   558 000004F0 89 E5                           	MOV	EBP,ESP
   559 000004F2 57                              	PUSH	EDI
   560 000004F3 56                              	PUSH	ESI
   561 000004F4 53                              	PUSH	EBX
   562 000004F5 53                              	PUSH	EBX
   563 000004F6 8B 5D 08                        	MOV	EBX,DWORD [8+EBP]
   564 000004F9 8B 43 20                        	MOV	EAX,DWORD [32+EBX]
   565 000004FC 8B 7B 0C                        	MOV	EDI,DWORD [12+EBX]
   566 000004FF 89 45 F0                        	MOV	DWORD [-16+EBP],EAX
   567 00000502 8B 73 10                        	MOV	ESI,DWORD [16+EBX]
   568 00000505 8B 45 0C                        	MOV	EAX,DWORD [12+EBP]
   569 00000508 89 43 0C                        	MOV	DWORD [12+EBX],EAX
   570 0000050B 8B 45 10                        	MOV	EAX,DWORD [16+EBP]
   571 0000050E 89 43 10                        	MOV	DWORD [16+EBX],EAX
   572 00000511 83 7B 18 00                     	CMP	DWORD [24+EBX],0
   573 00000515 78 7C                           	JS	L135
   574 00000517 6A 00                           	PUSH	0
   575 00000519 89 F0                           	MOV	EAX,ESI
   576 0000051B 03 43 08                        	ADD	EAX,DWORD [8+EBX]
   577 0000051E 50                              	PUSH	EAX
   578 0000051F 89 F8                           	MOV	EAX,EDI
   579 00000521 03 43 04                        	ADD	EAX,DWORD [4+EBX]
   580 00000524 50                              	PUSH	EAX
   581 00000525 56                              	PUSH	ESI
   582 00000526 57                              	PUSH	EDI
   583 00000527 FF 75 F0                        	PUSH	DWORD [-16+EBP]
   584 0000052A E8 FFFFFE63                     	CALL	_sheet_refreshmap
   585 0000052F 8B 45 10                        	MOV	EAX,DWORD [16+EBP]
   586 00000532 FF 73 18                        	PUSH	DWORD [24+EBX]
   587 00000535 03 43 08                        	ADD	EAX,DWORD [8+EBX]
   588 00000538 50                              	PUSH	EAX
   589 00000539 8B 45 0C                        	MOV	EAX,DWORD [12+EBP]
   590 0000053C 03 43 04                        	ADD	EAX,DWORD [4+EBX]
   591 0000053F 50                              	PUSH	EAX
   592 00000540 FF 75 10                        	PUSH	DWORD [16+EBP]
   593 00000543 FF 75 0C                        	PUSH	DWORD [12+EBP]
   594 00000546 FF 75 F0                        	PUSH	DWORD [-16+EBP]
   595 00000549 E8 FFFFFE44                     	CALL	_sheet_refreshmap
   596 0000054E 8B 43 18                        	MOV	EAX,DWORD [24+EBX]
   597 00000551 83 C4 30                        	ADD	ESP,48
   598 00000554 48                              	DEC	EAX
   599 00000555 50                              	PUSH	EAX
   600 00000556 89 F0                           	MOV	EAX,ESI
   601 00000558 6A 00                           	PUSH	0
   602 0000055A 03 43 08                        	ADD	EAX,DWORD [8+EBX]
   603 0000055D 50                              	PUSH	EAX
   604 0000055E 89 F8                           	MOV	EAX,EDI
   605 00000560 03 43 04                        	ADD	EAX,DWORD [4+EBX]
   606 00000563 50                              	PUSH	EAX
   607 00000564 56                              	PUSH	ESI
   608 00000565 57                              	PUSH	EDI
   609 00000566 FF 73 20                        	PUSH	DWORD [32+EBX]
   610 00000569 E8 FFFFFCE8                     	CALL	_sheet_refreshsub
   611 0000056E 8B 45 10                        	MOV	EAX,DWORD [16+EBP]
   612 00000571 FF 73 18                        	PUSH	DWORD [24+EBX]
   613 00000574 FF 73 18                        	PUSH	DWORD [24+EBX]
   614 00000577 03 43 08                        	ADD	EAX,DWORD [8+EBX]
   615 0000057A 50                              	PUSH	EAX
   616 0000057B 8B 45 0C                        	MOV	EAX,DWORD [12+EBP]
   617 0000057E 03 43 04                        	ADD	EAX,DWORD [4+EBX]
   618 00000581 50                              	PUSH	EAX
   619 00000582 FF 75 10                        	PUSH	DWORD [16+EBP]
   620 00000585 FF 75 0C                        	PUSH	DWORD [12+EBP]
   621 00000588 FF 73 20                        	PUSH	DWORD [32+EBX]
   622 0000058B E8 FFFFFCC6                     	CALL	_sheet_refreshsub
   623 00000590 83 C4 38                        	ADD	ESP,56
   624 00000593                                 L135:
   625 00000593 8D 65 F4                        	LEA	ESP,DWORD [-12+EBP]
   626 00000596 5B                              	POP	EBX
   627 00000597 5E                              	POP	ESI
   628 00000598 5F                              	POP	EDI
   629 00000599 5D                              	POP	EBP
   630 0000059A C3                              	RET
   631 0000059B                                 	GLOBAL	_sheet_free
   632 0000059B                                 _sheet_free:
   633 0000059B 55                              	PUSH	EBP
   634 0000059C 89 E5                           	MOV	EBP,ESP
   635 0000059E 53                              	PUSH	EBX
   636 0000059F 8B 5D 08                        	MOV	EBX,DWORD [8+EBP]
   637 000005A2 83 7B 18 00                     	CMP	DWORD [24+EBX],0
   638 000005A6 78 0A                           	JS	L138
   639 000005A8 6A FF                           	PUSH	-1
   640 000005AA 53                              	PUSH	EBX
   641 000005AB E8 FFFFFB26                     	CALL	_sheet_updown
   642 000005B0 58                              	POP	EAX
   643 000005B1 5A                              	POP	EDX
   644 000005B2                                 L138:
   645 000005B2 C7 43 1C 00000000               	MOV	DWORD [28+EBX],0
   646 000005B9 8B 5D FC                        	MOV	EBX,DWORD [-4+EBP]
   647 000005BC C9                              	LEAVE
   648 000005BD C3                              	RET
