     1 00000000                                 ;汇编语言实现与底层硬件的交互逻辑,用C调用底层硬件接口实现上层逻辑
     2 00000000                                 ;nask_func
     3 00000000                                 ;TAB = 4
     4 00000000                                 
     5 00000000                                 ;提供该接口文件信息
     6 00000000                                 [FORMAT "WCOFF"]                        ;制作目标文件的格式
     7 00000000                                 [bits 32]                               ;制作32位模式的机器语言
     8 00000000                                 [instrset "i486p"]                      ; for 486(using nask)
     9 00000000                                 [FILE "naskfunc.nas"]                   ;源文件名
    10 00000000                                 
    11 00000000                                 GLOBAL          _io_hlt                     ;程序中包含的函数名       
    12 00000000                                 GLOBAL          _io_cli,_io_sti,_io_stihlt
    13 00000000                                 GLOBAL          _io_in8,_io_in16,_io_in32
    14 00000000                                 GLOBAL          _io_out8,_io_out16,_io_out32
    15 00000000                                 GLOBAL          _io_load_eflags,_io_store_eflags         
    16 00000000                                 GLOBAL          _load_gdtr,_load_idtr
    17 00000000                                 GLOBAL          _load_cr0,_store_cr0
    18 00000000                                 GLOBAL          _load_tr
    19 00000000                                 GLOBAL          _memtest_sub
    20 00000000                                 GLOBAL          _asm_inthandler21,_asm_inthandler27,_asm_inthandler2c,_asm_inthandler20
    21 00000000                                 EXTERN          _inthandler20,_inthandler21,_inthandler27,_inthandler2c       ;中断处理程序 ,extern表示函数声明在外部   
    22 00000000                                 GLOBAL          _taskswitch4
    23                                          [SECTION .text]
    24 00000000                                 _io_hlt:                                ;void io_hlt(void),函数声明+定义
    25 00000000 F4                                      hlt
    26 00000001 C3                                      RET                             
    27 00000002                                 _io_cli:                                ;中断标志置为0
    28 00000002 FA                                      cli
    29 00000003 C3                                      RET
    30 00000004                                 _io_sti:                                ;中断标志置为1
    31 00000004 FB                                      sti
    32 00000005 C3                                      RET     
    33 00000006                                 _io_stihlt:             ; void io_stihlt(void);
    34 00000006 FB                                      sti
    35 00000007 F4                                      hlt
    36 00000008 C3                                      ret
    37 00000009                                 _io_in8:
    38 00000009 8B 54 24 04                             mov     edx,[esp+4]
    39 0000000D B8 00000000                             mov     eax,0
    40 00000012 EC                                      in      al,dx
    41 00000013 C3                                      RET
    42 00000014                                 _io_in16:
    43 00000014 8B 54 24 04                             mov     edx,[esp+4]
    44 00000018 B8 00000000                             mov     eax,0
    45 0000001D 66 ED                                   in      ax,dx
    46 0000001F C3                                      RET
    47 00000020                                 _io_in32:
    48 00000020 8B 54 24 04                             mov     edx,[esp+4]
    49 00000024 ED                                      in      eax,dx
    50 00000025 C3                                      RET
    51 00000026                                 _io_out8:             
    52 00000026 8B 54 24 04                             mov     edx,[esp+4]
    53 0000002A 8A 44 24 08                             mov     al,[esp+8]
    54 0000002E EE                                      out     dx,al
    55 0000002F C3                                      RET    
    56 00000030                                 _io_out16:
    57 00000030 8B 54 24 04                             mov     edx,[esp+4]
    58 00000034 8B 44 24 08                             mov     eax,[esp+8]
    59 00000038 66 EF                                   out     dx,ax
    60 0000003A C3                                      RET
    61 0000003B                                 _io_out32:
    62 0000003B 8B 54 24 04                             mov     edx,[esp+4]
    63 0000003F 8B 44 24 08                             mov     eax,[esp+8]
    64 00000043 EF                                      out     dx,EAX
    65 00000044 C3                                      RET
    66 00000045                                 
    67 00000045                                 _io_load_eflags:                
    68 00000045 9C                                      pushfd                  
    69 00000046 58                                      pop     eax             
    70 00000047 C3                                      RET
    71 00000048                                 _io_store_eflags:
    72 00000048 8B 44 24 04                             mov     eax,[esp+4]     ;esp栈底指针
    73 0000004C 50                                      push    eax
    74 0000004D 9D                                      popfd
    75 0000004E C3                                      RET        
    76 0000004F                                 _load_gdtr:
    77 0000004F 66 8B 44 24 04                          mov     ax,[esp+4]
    78 00000054 66 89 44 24 06                          mov     [esp+6],ax
    79 00000059 0F 01 54 24 06                          LGDT    [esp+6]
    80 0000005E C3                                      RET
    81 0000005F                                 _load_idtr:
    82 0000005F 66 8B 44 24 04                          mov     ax,[esp+4]
    83 00000064 66 89 44 24 06                          mov     [esp+6],ax
    84 00000069 0F 01 5C 24 06                          LIDT    [esp+6]
    85 0000006E C3                                      RET
    86 0000006F                                 _load_cr0:      ;int store_cr0(void)
    87 0000006F 0F 20 C0                                mov     eax,CR0
    88 00000072 C3                                      ret
    89 00000073                                 _load_tr:       ;void load_tr(int tr) 写入tr寄存器
    90 00000073 0F 00 5C 24 04                          ltr     [ESP+4]
    91 00000078 C3                                      RET
    92 00000079                                 _store_cr0:     ;void store_cr0(int cr0)
    93 00000079 8B 44 24 04                             mov     eax,[esp+4]
    94 0000007D 0F 22 C0                                mov     CR0,EAX
    95 00000080 C3                                      ret
    96 00000081                                 
    97 00000081                                 _memtest_sub:   ;unsigned int memtest_sub(unsigned int start,unsigned int end);(内存检查函数)
    98 00000081 57                                      push    edi             
    99 00000082 56                                      push    esi
   100 00000083 53                                      push    ebx
   101 00000084 BE AA55AA55                             mov     esi,0xaa55aa55                          ;pat0 = 0xaa55aa55
   102 00000089 BF 55AA55AA                             mov     edi,0x55aa55aa                          ;pat1 = 0x55aa55aa
   103 0000008E 8B 44 24 10                             mov     eax,[esp+12+4]                          ;i = start
   104 00000092                                         mts_loop:
   105 00000092 89 C3                                           mov     ebx,eax                         
   106 00000094 81 C3 00000FFC                                  add     ebx,0xffc                       ;p = i + 0xffc
   107 0000009A 8B 13                                           mov     edx,[ebx]                       ;old = *p
   108 0000009C 89 33                                           mov     [ebx],esi                       ;*p = pat0
   109 0000009E 83 33 FF                                        xor     DWORD [ebx],0xffffffff          ;*p ^= 0xffffffff
   110 000000A1 3B 3B                                           cmp     edi,[ebx]                       ;if(*p != pat1) goto fin
   111 000000A3 75 18                                           jne     mts_fin
   112 000000A5 83 33 FF                                        xor     DWORD [ebx],0xffffffff          ;*p ^= 0xffffffff 
   113 000000A8 3B 33                                           cmp     esi,[ebx]                       ;if(*p != pat0) goto fin
   114 000000AA 75 11                                           jne     mts_fin
   115 000000AC 89 13                                           mov     [ebx],edx                       ;*p = old
   116 000000AE 05 00001000                                     add     eax,0x1000                      ;i += 0x1000
   117 000000B3 3B 44 24 14                                     cmp     eax,[esp+12+8]                  ;if(i<=end) goto loop
   118 000000B7                                                 
   119 000000B7 76 D9                                           jbe     mts_loop
   120 000000B9 5B                                              pop     ebx
   121 000000BA 5E                                              pop     esi
   122 000000BB 5F                                              pop     edi
   123 000000BC C3                                              ret
   124 000000BD                                         mts_fin:
   125 000000BD 89 13                                           mov     [ebx],edx                       ;*p = old
   126 000000BF 5B                                              pop     ebx
   127 000000C0 5E                                              pop     esi
   128 000000C1 5F                                              pop     edi
   129 000000C2 C3                                              RET
   130 000000C3                                 ;中断信号处理器(PIC)
   131 000000C3                                  _asm_inthandler20:
   132 000000C3 06                                      push    ES
   133 000000C4 1E                                      push    DS
   134 000000C5 60                                      PUSHAD
   135 000000C6 89 E0                                   mov     EAX,esp
   136 000000C8 50                                      push    EAX
   137 000000C9 66 8C D0                                mov     ax,SS
   138 000000CC 8E D8                                   mov     ds,ax
   139 000000CE 8E C0                                   mov     es,ax
   140 000000D0 E8 [00000000]                           call    _inthandler20
   141 000000D5 58                                      pop     eax
   142 000000D6 61                                      POPAD
   143 000000D7 1F                                      pop     ds
   144 000000D8 07                                      pop     es
   145 000000D9 CF                                      IRETD            
   146 000000DA                                 _asm_inthandler21:                      ;使用栈结构将寄存器返回中断前状态
   147 000000DA 06                                      push    ES
   148 000000DB 1E                                      push    DS
   149 000000DC 60                                      PUSHAD
   150 000000DD 89 E0                                   mov     EAX,ESP
   151 000000DF 50                                      push    EAX
   152 000000E0 66 8C D0                                mov     ax,SS
   153 000000E3 8E D8                                   mov     ds,ax
   154 000000E5 8E C0                                   mov     es,ax
   155 000000E7 E8 [00000000]                           call    _inthandler21
   156 000000EC 58                                      pop     eax
   157 000000ED 61                                      POPAD
   158 000000EE 1F                                      pop     ds
   159 000000EF 07                                      pop     es
   160 000000F0 CF                                      IRETD                           ;中断程序中只能使用IRETD返回
   161 000000F1                                 _asm_inthandler27:                      
   162 000000F1 06                                      push    ES
   163 000000F2 1E                                      push    DS
   164 000000F3 60                                      PUSHAD
   165 000000F4 89 E0                                   mov     EAX,esp
   166 000000F6 50                                      push    EAX
   167 000000F7 66 8C D0                                mov     ax,SS
   168 000000FA 8E D8                                   mov     ds,ax
   169 000000FC 8E C0                                   mov     es,ax
   170 000000FE E8 [00000000]                           call    _inthandler27
   171 00000103 58                                      pop     eax
   172 00000104 61                                      POPAD
   173 00000105 1F                                      pop     ds
   174 00000106 07                                      pop     es
   175 00000107 CF                                      IRETD                           
   176 00000108                                  
   177 00000108                                  _asm_inthandler2c:                      
   178 00000108 06                                      push    ES
   179 00000109 1E                                      push    DS
   180 0000010A 60                                      PUSHAD
   181 0000010B 89 E0                                   mov     EAX,esp
   182 0000010D 50                                      push    EAX
   183 0000010E 66 8C D0                                mov     ax,SS
   184 00000111 8E D8                                   mov     ds,ax
   185 00000113 8E C0                                   mov     es,ax
   186 00000115 E8 [00000000]                           call    _inthandler2c
   187 0000011A 58                                      pop     eax
   188 0000011B 61                                      POPAD
   189 0000011C 1F                                      pop     ds
   190 0000011D 07                                      pop     es
   191 0000011E CF                                      IRETD                           
   192 0000011F                                 
   193 0000011F                                 _taskswitch4:   ;void taskswitch4(void)执行far模式跳转指令
   194 0000011F EA 00000000 0020                        jmp     4*8:0
   195 00000126 C3                                      RET
   196 00000127                                         